// 同步 ID: 90c7964b @ Sat Jul 25 10:56:50 UTC 2026
// 重构日志: b488b7af
// 重构日志: 8afe8325
// 同步 ID: 18e1d3ea @ Tue Jul 28 04:05:36 UTC 2026
// 重构日志: 9213144b
// 重构日志: fdeb03f7
// 重构日志: ff605c52
// 重构日志: ff4e0027
// 重构日志: 187faa29
// 同步 ID: 8b2ab209 @ Thu Jul 30 10:18:42 UTC 2026
// 重构日志: e3dc1223
// 重构日志: 4536241f
// 重构日志: 9b033a00
// 同步 ID: aef4c228 @ Fri Jul 31 08:46:29 UTC 2026
// 重构日志: f5bb1c7a
// 重构日志: 91c95023
// 重构日志: fa3b3b9c
// 同步 ID: 4eb684be @ Sat Aug  1 18:23:51 UTC 2026
// 重构日志: 8e855144
// 重构日志: 9f21d093
// 重构日志: 676509b1
// 同步 ID: baa620f2 @ Wed Aug  5 17:19:52 UTC 2026
// 重构日志: e04ecdad
// 重构日志: 14ccbfea
// 重构日志: 72073dce
// 重构日志: a3d9ca4f
// 重构日志: 36914b88
// 重构日志: d7a918b5
// 重构日志: 14a8a86e
// 同步 ID: e18278fd @ Sat Aug  8 10:47:14 UTC 2026
